{
    "@context": "\/contexts\/ConstraintViolationList",
    "@type": "ConstraintViolationList",
    "hydra:title": "An error occurred",
    "hydra:description": "password: Este valor \u00e9 muito curto. Deve ter 6 caracteres ou mais.",
    "violations": [
        {
            "propertyPath": "password",
            "message": "Este valor \u00e9 muito curto. Deve ter 6 caracteres ou mais.",
            "code": "9ff3fdc4-b214-49db-8718-39c315e33d45"
        }
    ]
}
