// Jest Snapshot v1, https://goo.gl/fbAQLP

exports[`Form register component has a link to go to login page. 1`] = `
<div id="ask-for-login" class="text-center text-sm mt-2"><span>JÃ¡ tem conta?</span> <a class="text-primary underline font-semibold">
    register
  </a></div>
`;
